Analyzing AI_Companion...                                       

   info - Don't invoke 'print' in production code - lib\core\engine\async_reflection_engine.dart:129:7 - avoid_print
   info - Don't invoke 'print' in production code - lib\core\engine\async_reflection_engine.dart:137:9 - avoid_print
   info - Don't invoke 'print' in production code - lib\core\engine\async_reflection_engine.dart:140:7 - avoid_print
   info - Don't invoke 'print' in production code - lib\core\engine\async_reflection_engine.dart:164:7 - avoid_print
   info - Don't invoke 'print' in production code - lib\core\engine\conversation_engine.dart:126:5 - avoid_print
   info - Don't invoke 'print' in production code - lib\core\engine\conversation_engine.dart:138:5 - avoid_print
   info - Don't invoke 'print' in production code - lib\core\engine\conversation_engine.dart:157:5 - avoid_print
   info - Don't invoke 'print' in production code - lib\core\engine\conversation_engine.dart:163:5 - avoid_print
   info - Don't invoke 'print' in production code - lib\core\engine\conversation_engine.dart:189:7 - avoid_print
   info - Don't invoke 'print' in production code - lib\core\engine\conversation_engine.dart:196:5 - avoid_print
   info - Don't invoke 'print' in production code - lib\core\engine\conversation_engine.dart:217:5 - avoid_print
   info - Don't invoke 'print' in production code - lib\core\engine\conversation_engine.dart:231:7 - avoid_print
   info - Don't invoke 'print' in production code - lib\core\engine\conversation_engine.dart:378:5 - avoid_print
   info - Don't invoke 'print' in production code - lib\core\engine\conversation_engine.dart:402:7 - avoid_print
   info - Don't invoke 'print' in production code - lib\core\engine\conversation_engine.dart:435:7 - avoid_print
   info - Don't invoke 'print' in production code - lib\core\engine\conversation_engine.dart:442:9 - avoid_print
   info - Don't invoke 'print' in production code - lib\core\engine\conversation_engine.dart:548:5 - avoid_print
   info - Don't invoke 'print' in production code - lib\core\engine\conversation_engine.dart:563:9 - avoid_print
   info - Unnecessary braces in a string interpolation - lib\core\engine\conversation_engine.dart:717:13 - unnecessary_brace_in_string_interps
   info - Unnecessary braces in a string interpolation - lib\core\engine\conversation_engine.dart:717:21 - unnecessary_brace_in_string_interps
   info - Unnecessary braces in a string interpolation - lib\core\engine\conversation_engine.dart:717:30 - unnecessary_brace_in_string_interps
   info - Don't invoke 'print' in production code - lib\core\engine\emotion_engine.dart:148:5 - avoid_print
   info - Don't invoke 'print' in production code - lib\core\engine\fact_store.dart:54:9 - avoid_print
   info - Don't invoke 'print' in production code - lib\core\engine\fact_store.dart:79:5 - avoid_print
   info - Don't invoke 'print' in production code - lib\core\engine\fact_store.dart:334:7 - avoid_print
   info - Don't invoke 'print' in production code - lib\core\engine\fact_store.dart:363:7 - avoid_print
warning - Unused import: '../model/user_profile.dart' - lib\core\engine\feedback_analyzer.dart:8:8 - unused_import
   info - Don't invoke 'print' in production code - lib\core\engine\memory_manager.dart:71:9 - avoid_print
   info - Don't invoke 'print' in production code - lib\core\engine\memory_manager.dart:76:9 - avoid_print
   info - Don't invoke 'print' in production code - lib\core\engine\memory_manager.dart:83:7 - avoid_print
   info - Don't invoke 'print' in production code - lib\core\engine\memory_manager.dart:101:9 - avoid_print
   info - Don't invoke 'print' in production code - lib\core\engine\memory_manager.dart:211:7 - avoid_print
   info - Don't invoke 'print' in production code - lib\core\engine\memory_manager.dart:244:7 - avoid_print
warning - Unused import: '../policy/generation_policy.dart' - lib\core\engine\memory_retriever.dart:12:8 - unused_import
   info - Don't invoke 'print' in production code - lib\core\engine\perception_processor.dart:187:7 - avoid_print
   info - Don't invoke 'print' in production code - lib\core\engine\perception_processor.dart:312:7 - avoid_print
   info - Don't invoke 'print' in production code - lib\core\engine\proactive_settings.dart:136:7 - avoid_print
   info - Don't invoke 'print' in production code - lib\core\engine\reflection_processor.dart:184:7 - avoid_print
   info - Don't invoke 'print' in production code - lib\core\engine\reflection_processor.dart:278:7 - avoid_print
   info - The constant name 'SYSTEM_TEMPLATE' isn't a lowerCamelCase identifier - lib\core\prompt\prompt_builder.dart:9:23 - constant_identifier_names
   info - Don't invoke 'print' in production code - lib\core\prompt\prompt_snapshot.dart:87:5 - avoid_print
   info - Don't invoke 'print' in production code - lib\core\prompt\prompt_snapshot.dart:88:5 - avoid_print
   info - Don't invoke 'print' in production code - lib\core\prompt\prompt_snapshot.dart:89:5 - avoid_print
   info - Don't invoke 'print' in production code - lib\core\prompt\prompt_snapshot.dart:90:5 - avoid_print
   info - Don't invoke 'print' in production code - lib\core\prompt\prompt_snapshot.dart:91:5 - avoid_print
   info - Don't invoke 'print' in production code - lib\core\prompt\prompt_snapshot.dart:93:7 - avoid_print
   info - Don't invoke 'print' in production code - lib\core\prompt\prompt_snapshot.dart:94:7 - avoid_print
   info - Don't invoke 'print' in production code - lib\core\prompt\prompt_snapshot.dart:95:7 - avoid_print
   info - Don't invoke 'print' in production code - lib\core\prompt\prompt_snapshot.dart:96:7 - avoid_print
   info - Don't invoke 'print' in production code - lib\core\prompt\prompt_snapshot.dart:98:5 - avoid_print
   info - Don't invoke 'print' in production code - lib\core\prompt\prompt_snapshot.dart:100:7 - avoid_print
   info - Don't invoke 'print' in production code - lib\core\prompt\prompt_snapshot.dart:102:5 - avoid_print
   info - Don't invoke 'print' in production code - lib\core\prompt\prompt_snapshot.dart:103:5 - avoid_print
   info - Don't invoke 'print' in production code - lib\core\prompt\prompt_snapshot.dart:106:5 - avoid_print
   info - Don't invoke 'print' in production code - lib\core\service\analysis_service.dart:96:7 - avoid_print
   info - Don't invoke 'print' in production code - lib\core\service\analysis_service.dart:135:7 - avoid_print
   info - Don't invoke 'print' in production code - lib\core\service\chat_history_service.dart:102:11 - avoid_print
   info - Don't invoke 'print' in production code - lib\core\service\chat_history_service.dart:106:7 - avoid_print
   info - Don't invoke 'print' in production code - lib\core\service\profile_service.dart:37:9 - avoid_print
   info - Don't invoke 'print' in production code - lib\core\service\startup_greeting_service.dart:51:7 - avoid_print
   info - Don't invoke 'print' in production code - lib\core\service\startup_greeting_service.dart:63:7 - avoid_print
   info - Don't invoke 'print' in production code - lib\core\service\startup_greeting_service.dart:69:5 - avoid_print
   info - Don't invoke 'print' in production code - lib\core\service\startup_greeting_service.dart:216:5 - avoid_print
   info - Don't invoke 'print' in production code - lib\core\settings_loader.dart:32:7 - avoid_print
   info - Unnecessary braces in a string interpolation - lib\core\util\response_formatter.dart:122:31 - unnecessary_brace_in_string_interps
  error - The function 'runApp' isn't defined - lib\main.dart:9:3 - undefined_function
  error - Classes can only extend other classes - lib\main.dart:12:21 - extends_non_class
  error - No associated named super constructor parameter - lib\main.dart:13:22 - super_formal_parameter_without_associated_named
  error - Undefined class 'Widget' - lib\main.dart:24:3 - undefined_class
warning - The method doesn't override an inherited method - lib\main.dart:24:10 - override_on_non_overriding_member
  error - Undefined class 'BuildContext' - lib\main.dart:24:16 - undefined_class
  error - The method 'MultiProvider' isn't defined for the type 'MyApp' - lib\main.dart:27:12 - undefined_method
  error - The method 'ChangeNotifierProvider' isn't defined for the type 'MyApp' - lib\main.dart:29:9 - undefined_method
  error - The method 'ChangeNotifierProvider' isn't defined for the type 'MyApp' - lib\main.dart:30:9 - undefined_method
  error - The method 'ChangeNotifierProvider' isn't defined for the type 'MyApp' - lib\main.dart:31:9 - undefined_method
  error - The method 'Consumer' isn't defined for the type 'MyApp' - lib\main.dart:33:14 - undefined_method
  error - The method 'MaterialApp' isn't defined for the type 'MyApp' - lib\main.dart:35:18 - undefined_method
  error - The method 'Locale' isn't defined for the type 'MyApp' - lib\main.dart:47:15 - undefined_method
  error - The values in a const list literal must be constants - lib\main.dart:47:15 - non_constant_list_element
  error - The method 'Locale' isn't defined for the type 'MyApp' - lib\main.dart:48:15 - undefined_method
  error - The values in a const list literal must be constants - lib\main.dart:48:15 - non_constant_list_element
  error - The name 'Locale' isn't a class - lib\main.dart:50:27 - creation_with_non_type
  error - The method 'ThemeData' isn't defined for the type 'MyApp' - lib\main.dart:53:20 - undefined_method
  error - Undefined name 'ColorScheme' - lib\main.dart:54:28 - undefined_identifier
  error - The name 'Color' isn't a class - lib\main.dart:55:34 - creation_with_non_type
  error - Undefined name 'Brightness' - lib\main.dart:56:29 - undefined_identifier
  error - The name 'Color' isn't a class - lib\main.dart:60:46 - creation_with_non_type
  error - The name 'AppBarTheme' isn't a class - lib\main.dart:61:34 - creation_with_non_type
  error - The method 'Color' isn't defined for the type 'MyApp' - lib\main.dart:62:34 - undefined_method
  error - Undefined name 'Colors' - lib\main.dart:63:34 - undefined_identifier
  error - The method 'ThemeData' isn't defined for the type 'MyApp' - lib\main.dart:69:24 - undefined_method
  error - Undefined name 'ColorScheme' - lib\main.dart:70:28 - undefined_identifier
  error - The name 'Color' isn't a class - lib\main.dart:71:34 - creation_with_non_type
  error - Undefined name 'Brightness' - lib\main.dart:72:29 - undefined_identifier
  error - The name 'Color' isn't a class - lib\main.dart:76:46 - creation_with_non_type
  error - The name 'AppBarTheme' isn't a class - lib\main.dart:77:34 - creation_with_non_type
  error - The method 'Color' isn't defined for the type 'MyApp' - lib\main.dart:78:34 - undefined_method
  error - Undefined name 'Colors' - lib\main.dart:79:34 - undefined_identifier
   info - 'value' is deprecated and shouldn't be used. Use initialValue instead. This will set the initial value for the form field. This feature was deprecated after v3.33.0-1.0.pre - lib\ui\app_drawer.dart:140:23 - deprecated_member_use
   info - 'groupValue' is deprecated and shouldn't be used. Use a RadioGroup ancestor to manage group value instead. This feature was deprecated after v3.32.0-0.0.pre - lib\ui\app_drawer.dart:238:13 - deprecated_member_use
   info - 'onChanged' is deprecated and shouldn't be used. Use RadioGroup to handle value change instead. This feature was deprecated after v3.32.0-0.0.pre - lib\ui\app_drawer.dart:239:13 - deprecated_member_use
   info - 'groupValue' is deprecated and shouldn't be used. Use a RadioGroup ancestor to manage group value instead. This feature was deprecated after v3.32.0-0.0.pre - lib\ui\app_drawer.dart:245:13 - deprecated_member_use
   info - 'onChanged' is deprecated and shouldn't be used. Use RadioGroup to handle value change instead. This feature was deprecated after v3.32.0-0.0.pre - lib\ui\app_drawer.dart:246:13 - deprecated_member_use
   info - 'groupValue' is deprecated and shouldn't be used. Use a RadioGroup ancestor to manage group value instead. This feature was deprecated after v3.32.0-0.0.pre - lib\ui\app_drawer.dart:252:13 - deprecated_member_use
   info - 'onChanged' is deprecated and shouldn't be used. Use RadioGroup to handle value change instead. This feature was deprecated after v3.32.0-0.0.pre - lib\ui\app_drawer.dart:253:13 - deprecated_member_use
   info - 'withOpacity' is deprecated and shouldn't be used. Use .withValues() to avoid precision loss - lib\ui\chat_bubble.dart:85:36 - deprecated_member_use
   info - 'withOpacity' is deprecated and shouldn't be used. Use .withValues() to avoid precision loss - lib\ui\chat_bubble.dart:165:52 - deprecated_member_use
   info - 'withOpacity' is deprecated and shouldn't be used. Use .withValues() to avoid precision loss - lib\ui\chat_bubble.dart:165:84 - deprecated_member_use
   info - 'withOpacity' is deprecated and shouldn't be used. Use .withValues() to avoid precision loss - lib\ui\chat_bubble.dart:167:61 - deprecated_member_use
   info - 'copySelection' is deprecated and shouldn't be used. Use `contextMenuBuilder` instead. This feature was deprecated after v3.3.0-0.5.pre - lib\ui\chat_bubble.dart:260:33 - deprecated_member_use
   info - 'withOpacity' is deprecated and shouldn't be used. Use .withValues() to avoid precision loss - lib\ui\chat_bubble.dart:394:30 - deprecated_member_use
   info - 'withOpacity' is deprecated and shouldn't be used. Use .withValues() to avoid precision loss - lib\ui\chat_bubble.dart:424:32 - deprecated_member_use
   info - 'withOpacity' is deprecated and shouldn't be used. Use .withValues() to avoid precision loss - lib\ui\chat_bubble.dart:425:32 - deprecated_member_use
   info - 'withOpacity' is deprecated and shouldn't be used. Use .withValues() to avoid precision loss - lib\ui\chat_bubble.dart:429:34 - deprecated_member_use
   info - 'withOpacity' is deprecated and shouldn't be used. Use .withValues() to avoid precision loss - lib\ui\chat_bubble.dart:430:34 - deprecated_member_use
   info - 'withOpacity' is deprecated and shouldn't be used. Use .withValues() to avoid precision loss - lib\ui\chat_bubble.dart:443:48 - deprecated_member_use
   info - 'withOpacity' is deprecated and shouldn't be used. Use .withValues() to avoid precision loss - lib\ui\chat_bubble.dart:461:28 - deprecated_member_use
   info - 'withOpacity' is deprecated and shouldn't be used. Use .withValues() to avoid precision loss - lib\ui\chat_bubble.dart:462:28 - deprecated_member_use
   info - 'withOpacity' is deprecated and shouldn't be used. Use .withValues() to avoid precision loss - lib\ui\chat_bubble.dart:466:30 - deprecated_member_use
   info - 'withOpacity' is deprecated and shouldn't be used. Use .withValues() to avoid precision loss - lib\ui\chat_bubble.dart:467:30 - deprecated_member_use
   info - 'withOpacity' is deprecated and shouldn't be used. Use .withValues() to avoid precision loss - lib\ui\main_screen.dart:107:34 - deprecated_member_use
   info - 'withOpacity' is deprecated and shouldn't be used. Use .withValues() to avoid precision loss - lib\ui\main_screen.dart:108:34 - deprecated_member_use
   info - 'withOpacity' is deprecated and shouldn't be used. Use .withValues() to avoid precision loss - lib\ui\main_screen.dart:226:22 - deprecated_member_use
   info - 'groupValue' is deprecated and shouldn't be used. Use a RadioGroup ancestor to manage group value instead. This feature was deprecated after v3.32.0-0.0.pre - lib\ui\settings_screen.dart:129:13 - deprecated_member_use
   info - 'onChanged' is deprecated and shouldn't be used. Use RadioGroup to handle value change instead. This feature was deprecated after v3.32.0-0.0.pre - lib\ui\settings_screen.dart:130:13 - deprecated_member_use
   info - 'withOpacity' is deprecated and shouldn't be used. Use .withValues() to avoid precision loss - lib\ui\widgets\glass_input_bar.dart:49:36 - deprecated_member_use
   info - 'withOpacity' is deprecated and shouldn't be used. Use .withValues() to avoid precision loss - lib\ui\widgets\glass_input_bar.dart:50:36 - deprecated_member_use
   info - 'withOpacity' is deprecated and shouldn't be used. Use .withValues() to avoid precision loss - lib\ui\widgets\glass_input_bar.dart:54:38 - deprecated_member_use
   info - 'withOpacity' is deprecated and shouldn't be used. Use .withValues() to avoid precision loss - lib\ui\widgets\glass_input_bar.dart:55:38 - deprecated_member_use
   info - 'withOpacity' is deprecated and shouldn't be used. Use .withValues() to avoid precision loss - lib\ui\widgets\glass_input_bar.dart:60:41 - deprecated_member_use
   info - 'withOpacity' is deprecated and shouldn't be used. Use .withValues() to avoid precision loss - lib\ui\widgets\glass_input_bar.dart:86:46 - deprecated_member_use
   info - 'withOpacity' is deprecated and shouldn't be used. Use .withValues() to avoid precision loss - lib\ui\widgets\glass_input_bar.dart:126:46 - deprecated_member_use
warning - Unused import: '../../core/provider/theme_provider.dart' - lib\ui\widgets\modern_sidebar.dart:5:8 - unused_import
warning - The value of the local variable 'valence' isn't used - lib\ui\widgets\modern_sidebar.dart:19:11 - unused_local_variable
   info - 'withOpacity' is deprecated and shouldn't be used. Use .withValues() to avoid precision loss - lib\ui\widgets\modern_sidebar.dart:26:38 - deprecated_member_use
   info - 'withOpacity' is deprecated and shouldn't be used. Use .withValues() to avoid precision loss - lib\ui\widgets\modern_sidebar.dart:26:70 - deprecated_member_use
   info - 'withOpacity' is deprecated and shouldn't be used. Use .withValues() to avoid precision loss - lib\ui\widgets\modern_sidebar.dart:29:42 - deprecated_member_use
   info - 'withOpacity' is deprecated and shouldn't be used. Use .withValues() to avoid precision loss - lib\ui\widgets\modern_sidebar.dart:29:74 - deprecated_member_use
   info - 'withOpacity' is deprecated and shouldn't be used. Use .withValues() to avoid precision loss - lib\ui\widgets\modern_sidebar.dart:78:53 - deprecated_member_use
   info - 'withOpacity' is deprecated and shouldn't be used. Use .withValues() to avoid precision loss - lib\ui\widgets\modern_sidebar.dart:130:41 - deprecated_member_use
   info - 'withOpacity' is deprecated and shouldn't be used. Use .withValues() to avoid precision loss - lib\ui\widgets\modern_sidebar.dart:154:30 - deprecated_member_use
   info - 'withOpacity' is deprecated and shouldn't be used. Use .withValues() to avoid precision loss - lib\ui\widgets\modern_sidebar.dart:166:38 - deprecated_member_use
   info - 'withOpacity' is deprecated and shouldn't be used. Use .withValues() to avoid precision loss - lib\ui\widgets\modern_sidebar.dart:166:70 - deprecated_member_use
   info - 'withOpacity' is deprecated and shouldn't be used. Use .withValues() to avoid precision loss - lib\ui\widgets\modern_sidebar.dart:172:36 - deprecated_member_use
   info - 'withOpacity' is deprecated and shouldn't be used. Use .withValues() to avoid precision loss - lib\ui\widgets\modern_sidebar.dart:195:42 - deprecated_member_use
   info - 'withOpacity' is deprecated and shouldn't be used. Use .withValues() to avoid precision loss - lib\ui\widgets\modern_sidebar.dart:233:39 - deprecated_member_use
   info - 'withOpacity' is deprecated and shouldn't be used. Use .withValues() to avoid precision loss - lib\ui\widgets\modern_sidebar.dart:266:29 - deprecated_member_use
   info - 'withOpacity' is deprecated and shouldn't be used. Use .withValues() to avoid precision loss - lib\ui\widgets\persona_editor_dialog.dart:123:35 - deprecated_member_use
   info - 'withOpacity' is deprecated and shouldn't be used. Use .withValues() to avoid precision loss - lib\ui\widgets\persona_editor_dialog.dart:150:50 - deprecated_member_use
   info - 'withOpacity' is deprecated and shouldn't be used. Use .withValues() to avoid precision loss - lib\ui\widgets\persona_editor_dialog.dart:240:44 - deprecated_member_use
   info - 'withOpacity' is deprecated and shouldn't be used. Use .withValues() to avoid precision loss - lib\ui\widgets\persona_editor_dialog.dart:241:44 - deprecated_member_use
   info - 'withOpacity' is deprecated and shouldn't be used. Use .withValues() to avoid precision loss - lib\ui\widgets\persona_editor_dialog.dart:245:46 - deprecated_member_use
   info - 'withOpacity' is deprecated and shouldn't be used. Use .withValues() to avoid precision loss - lib\ui\widgets\persona_editor_dialog.dart:246:46 - deprecated_member_use
   info - 'withOpacity' is deprecated and shouldn't be used. Use .withValues() to avoid precision loss - lib\ui\widgets\persona_editor_dialog.dart:272:53 - deprecated_member_use
   info - 'withOpacity' is deprecated and shouldn't be used. Use .withValues() to avoid precision loss - lib\ui\widgets\persona_editor_dialog.dart:273:53 - deprecated_member_use
   info - 'withOpacity' is deprecated and shouldn't be used. Use .withValues() to avoid precision loss - lib\ui\widgets\persona_editor_dialog.dart:333:40 - deprecated_member_use
   info - 'withOpacity' is deprecated and shouldn't be used. Use .withValues() to avoid precision loss - lib\ui\widgets\persona_editor_dialog.dart:334:40 - deprecated_member_use
   info - 'withOpacity' is deprecated and shouldn't be used. Use .withValues() to avoid precision loss - lib\ui\widgets\persona_editor_dialog.dart:449:32 - deprecated_member_use
   info - 'withOpacity' is deprecated and shouldn't be used. Use .withValues() to avoid precision loss - lib\ui\widgets\persona_editor_dialog.dart:450:32 - deprecated_member_use
   info - 'withOpacity' is deprecated and shouldn't be used. Use .withValues() to avoid precision loss - lib\ui\widgets\persona_editor_dialog.dart:459:36 - deprecated_member_use
   info - 'withOpacity' is deprecated and shouldn't be used. Use .withValues() to avoid precision loss - lib\ui\widgets\persona_editor_dialog.dart:460:36 - deprecated_member_use
  error - The argument type 'MyApp' can't be assigned to the parameter type 'Widget'.  - test\widget_test.dart:16:29 - argument_type_not_assignable

